Copyright 1986-2016 Xilinx, Inc. All Rights Reserved.
-------------------------------------------------------------------------------------------
| Tool Version : Vivado v.2016.2 (win64) Build 1577090 Thu Jun  2 16:32:40 MDT 2016
| Date         : Mon Oct 17 00:25:16 2016
| Host         : EpsilonIJK running 64-bit major release  (build 9200)
| Command      : report_control_sets -verbose -file red_pitaya_top_control_sets_placed.rpt
| Design       : red_pitaya_top
| Device       : xc7z010
-------------------------------------------------------------------------------------------

Control Set Information

Table of Contents
-----------------
1. Summary
2. Flip-Flop Distribution
3. Detailed Control Set Information

1. Summary
----------

+----------------------------------------------------------+-------+
|                          Status                          | Count |
+----------------------------------------------------------+-------+
| Number of unique control sets                            |   185 |
| Unused register locations in slices containing registers |   466 |
+----------------------------------------------------------+-------+


2. Flip-Flop Distribution
-------------------------

+--------------+-----------------------+------------------------+-----------------+--------------+
| Clock Enable | Synchronous Set/Reset | Asynchronous Set/Reset | Total Registers | Total Slices |
+--------------+-----------------------+------------------------+-----------------+--------------+
| No           | No                    | No                     |             188 |           85 |
| No           | No                    | Yes                    |               0 |            0 |
| No           | Yes                   | No                     |             883 |          284 |
| Yes          | No                    | No                     |            1372 |          459 |
| Yes          | No                    | Yes                    |               0 |            0 |
| Yes          | Yes                   | No                     |            1499 |          501 |
+--------------+-----------------------+------------------------+-----------------+--------------+


3. Detailed Control Set Information
-----------------------------------

+---------------------------------------------------------+----------------------------------------------------------------------------------------------------------------------------------------------+-----------------------------------------------------------------------------------------------------------------------------------------+------------------+----------------+
|                       Clock Signal                      |                                                                 Enable Signal                                                                |                                                             Set/Reset Signal                                                            | Slice Load Count | Bel Load Count |
+---------------------------------------------------------+----------------------------------------------------------------------------------------------------------------------------------------------+-----------------------------------------------------------------------------------------------------------------------------------------+------------------+----------------+
|  axi1_clk                                               | ps/axi_master[1]/axi_awpop                                                                                                                   | ps/axi_master[1]/axi_awburst_o[0]_i_1_n_0                                                                                               |                1 |              1 |
|  pwm_clk                                                |                                                                                                                                              |                                                                                                                                         |                1 |              1 |
|  axi1_clk                                               | ps/axi_master[0]/axi_awpop                                                                                                                   | ps/axi_master[0]/axi_awburst_o[0]_i_1__0_n_0                                                                                            |                1 |              1 |
|  ps/system_i/system_i/processing_system7/inst/FCLK_CLK3 | ps/system_i/system_i/axi_protocol_converter_0/inst/gen_axilite.gen_b2s_conv.axilite_b2s/WR.b_channel_0/bid_fifo_0/bresp_push                 |                                                                                                                                         |                1 |              2 |
|  ps/system_i/system_i/processing_system7/inst/FCLK_CLK3 |                                                                                                                                              | ps/system_i/system_i/axi_protocol_converter_0/inst/gen_axilite.gen_b2s_conv.axilite_b2s/SI_REG/ar_pipe/m_valid_i_reg_0                  |                3 |              4 |
|  ps/system_i/system_i/processing_system7/inst/FCLK_CLK3 |                                                                                                                                              | ps/system_i/system_i/axi_protocol_converter_0/inst/gen_axilite.gen_b2s_conv.axilite_b2s/SI_REG/aw_pipe/s_ready_i_reg_0                  |                4 |              4 |
|  ps/system_i/system_i/processing_system7/inst/FCLK_CLK3 | ps/system_i/system_i/xadc/inst/AXI_XADC_CORE_I/D[6]                                                                                          | ps/system_i/system_i/xadc/inst/SOFT_RESET_I/reset2ip_reset                                                                              |                1 |              4 |
|  axi1_clk                                               | ps/axi_master[1]/axi_wfill_lvl[3]_i_1_n_0                                                                                                    | i_scope/i_dfilt1_chb/bb_mult_0                                                                                                          |                2 |              4 |
|  axi1_clk                                               |                                                                                                                                              | i_scope/axi_b_dat_sel                                                                                                                   |                2 |              4 |
|  axi1_clk                                               | i_scope/set_trig_src[3]_i_1_n_0                                                                                                              | i_scope/i_dfilt1_chb/bb_mult_0                                                                                                          |                1 |              4 |
|  axi1_clk                                               | ps/axi_master[1]/axi_wpop                                                                                                                    | i_scope/i_dfilt1_chb/bb_mult_0                                                                                                          |                2 |              4 |
|  axi1_clk                                               |                                                                                                                                              | i_scope/i_wr1/clear                                                                                                                     |                3 |              4 |
|  axi1_clk                                               |                                                                                                                                              | i_scope/i_wr0/clear                                                                                                                     |                3 |              4 |
|  axi1_clk                                               | i_scope/i_wr1/E[0]                                                                                                                           | i_scope/i_dfilt1_chb/bb_mult_0                                                                                                          |                1 |              4 |
|  ps/system_i/system_i/processing_system7/inst/FCLK_CLK3 | ps/system_i/system_i/axi_protocol_converter_0/inst/gen_axilite.gen_b2s_conv.axilite_b2s/RD.ar_channel_0/ar_cmd_fsm_0/axlen_cnt_reg[3][0]     | ps/system_i/system_i/axi_protocol_converter_0/inst/gen_axilite.gen_b2s_conv.axilite_b2s/RD.ar_channel_0/ar_cmd_fsm_0/axlen_cnt_reg[7]   |                2 |              4 |
|  axi1_clk                                               | ps/axi_master[0]/axi_wpop                                                                                                                    | i_scope/i_dfilt1_chb/bb_mult_0                                                                                                          |                1 |              4 |
|  axi1_clk                                               | ps/axi_master[1]/axi_awlen_o[3]_i_1_n_0                                                                                                      | ps/axi_master[1]/axi_awaddr_o[31]_i_1_n_0                                                                                               |                1 |              4 |
|  pwm_clk                                                | pwm[3]/bcnt                                                                                                                                  | pwm[1]/SR[0]                                                                                                                            |                1 |              4 |
|  axi1_clk                                               | ps/axi_master[1]/axi_awpop                                                                                                                   | i_scope/i_dfilt1_chb/bb_mult_0                                                                                                          |                2 |              4 |
|  ps/system_i/system_i/processing_system7/inst/FCLK_CLK3 | ps/system_i/system_i/axi_protocol_converter_0/inst/gen_axilite.gen_b2s_conv.axilite_b2s/WR.aw_channel_0/aw_cmd_fsm_0/axlen_cnt_reg[3][0]     | ps/system_i/system_i/axi_protocol_converter_0/inst/gen_axilite.gen_b2s_conv.axilite_b2s/WR.aw_channel_0/aw_cmd_fsm_0/axlen_cnt_reg[7]_1 |                2 |              4 |
|  axi1_clk                                               | i_scope/i_wr1/dat_cnt[3]_i_1__0_n_0                                                                                                          | i_scope/i_wr1/clear                                                                                                                     |                2 |              4 |
|  pwm_clk                                                | pwm[2]/bcnt                                                                                                                                  | pwm[1]/SR[0]                                                                                                                            |                1 |              4 |
|  axi1_clk                                               | ps/axi_master[0]/axi_awpush                                                                                                                  | i_scope/i_dfilt1_chb/bb_mult_0                                                                                                          |                1 |              4 |
|  axi1_clk                                               | ps/axi_master[1]/axi_awpush                                                                                                                  | i_scope/i_dfilt1_chb/bb_mult_0                                                                                                          |                1 |              4 |
|  axi1_clk                                               | i_scope/i_wr0/wr_cnt_reg[0]_0[0]                                                                                                             | i_scope/i_dfilt1_chb/bb_mult_0                                                                                                          |                2 |              4 |
|  axi1_clk                                               | ps/axi_master[0]/axi_awpop                                                                                                                   | i_scope/i_dfilt1_chb/bb_mult_0                                                                                                          |                1 |              4 |
|  axi1_clk                                               | i_scope/i_wr1/wr_cnt_reg[0]_0[0]                                                                                                             | i_scope/i_dfilt1_chb/bb_mult_0                                                                                                          |                2 |              4 |
|  axi1_clk                                               | i_scope/i_wr0/axi_wwr_pt_reg[0][0]                                                                                                           | i_scope/i_dfilt1_chb/bb_mult_0                                                                                                          |                1 |              4 |
|  pwm_clk                                                | pwm[1]/bcnt                                                                                                                                  | pwm[1]/SR[0]                                                                                                                            |                1 |              4 |
|  axi1_clk                                               | ps/axi_master[1]/axi_rfill_lvl[3]_i_1_n_0                                                                                                    | i_scope/i_dfilt1_chb/bb_mult_0                                                                                                          |                1 |              4 |
|  pwm_clk                                                | pwm[0]/bcnt                                                                                                                                  | pwm[1]/SR[0]                                                                                                                            |                1 |              4 |
|  axi1_clk                                               | i_scope/i_wr0/dat_cnt[3]_i_1_n_0                                                                                                             | i_scope/i_wr0/clear                                                                                                                     |                2 |              4 |
|  axi1_clk                                               | ps/axi_master[0]/axi_wfill_lvl[3]_i_1__0_n_0                                                                                                 | i_scope/i_dfilt1_chb/bb_mult_0                                                                                                          |                1 |              4 |
|  axi1_clk                                               | ps/axi_master[0]/axi_awlen_o[3]_i_1__0_n_0                                                                                                   | ps/axi_master[0]/axi_awaddr_o[31]_i_1__0_n_0                                                                                            |                1 |              4 |
|  axi1_clk                                               | ps/axi_master[0]/axi_awfill_lvl[3]_i_1__0_n_0                                                                                                | i_scope/i_dfilt1_chb/bb_mult_0                                                                                                          |                2 |              4 |
|  axi1_clk                                               | ps/axi_slave_gp0/set_21_irst_reg                                                                                                             | i_scope/i_dfilt1_chb/bb_mult_0                                                                                                          |                2 |              4 |
|  axi1_clk                                               | ps/axi_master[0]/axi_rfill_lvl[3]_i_1__0_n_0                                                                                                 | i_scope/i_dfilt1_chb/bb_mult_0                                                                                                          |                1 |              4 |
|  axi1_clk                                               | ps/axi_slave_gp0/ack_cnt[5]_i_2_n_0                                                                                                          | ps/axi_slave_gp0/ack_cnt[5]                                                                                                             |                1 |              5 |
|  ps/system_i/system_i/processing_system7/inst/FCLK_CLK3 |                                                                                                                                              | ps/system_i/system_i/proc_sys_reset/U0/EXT_LPF/lpf_int                                                                                  |                2 |              5 |
|  ps/system_i/system_i/processing_system7/inst/FCLK_CLK3 | ps/system_i/system_i/proc_sys_reset/U0/SEQ/seq_cnt_en                                                                                        | ps/system_i/system_i/proc_sys_reset/U0/SEQ/SEQ_COUNTER/clear                                                                            |                1 |              6 |
|  axi1_clk                                               | axi1_rstn                                                                                                                                    | ps/axi_slave_gp0/sys_rdata_reg[1]_3                                                                                                     |                3 |              7 |
|  axi1_clk                                               | axi1_rstn                                                                                                                                    | ps/axi_slave_gp0/sys_rdata_reg[25]_0                                                                                                    |                3 |              7 |
|  axi1_clk                                               | axi1_rstn                                                                                                                                    | ps/axi_slave_gp0/sys_rdata_reg[25]                                                                                                      |                3 |              7 |
|  ps/system_i/system_i/processing_system7/inst/FCLK_CLK3 |                                                                                                                                              | ps/system_i/system_i/xadc/inst/AXI_LITE_IPIF_I/I_SLAVE_ATTACHMENT/p_2_out                                                               |                3 |              7 |
|  ps/system_i/system_i/processing_system7/inst/FCLK_CLK3 | ps/system_i/system_i/axi_protocol_converter_0/inst/gen_axilite.gen_b2s_conv.axilite_b2s/WR.b_channel_0/mhandshake_r                          | ps/system_i/system_i/axi_protocol_converter_0/inst/gen_axilite.gen_b2s_conv.axilite_b2s/WR.b_channel_0/bid_fifo_0/SR[0]                 |                2 |              8 |
|  axi1_clk                                               | i_scope/i_wr1/pop                                                                                                                            | i_scope/i_wr1/clear                                                                                                                     |                2 |              8 |
|  pwm_clk                                                | pwm[3]/v[7]_i_1_n_0                                                                                                                          |                                                                                                                                         |                1 |              8 |
|  axi1_clk                                               | i_scope/i_wr1/push                                                                                                                           | i_scope/i_wr1/clear                                                                                                                     |                2 |              8 |
|  axi1_clk                                               | axi1_rstn                                                                                                                                    | ps/axi_slave_gp0/axi\\.RDATA[31]_i_1_n_0                                                                                                |                5 |              8 |
|  pwm_clk                                                | pwm[2]/v[7]_i_1__0_n_0                                                                                                                       |                                                                                                                                         |                2 |              8 |
|  pwm_clk                                                | pwm[0]/v[7]_i_1__2_n_0                                                                                                                       |                                                                                                                                         |                1 |              8 |
|  axi1_clk                                               | i_scope/i_wr0/pop                                                                                                                            | i_scope/i_wr0/clear                                                                                                                     |                2 |              8 |
|  axi1_clk                                               | ps/axi_slave_gp0/myreg_reg[7][0]                                                                                                             | i_scope/i_dfilt1_chb/bb_mult_0                                                                                                          |                2 |              8 |
|  axi1_clk                                               | i_scope/i_wr0/push                                                                                                                           | i_scope/i_wr0/clear                                                                                                                     |                2 |              8 |
|  pwm_clk                                                | pwm[1]/v[7]_i_1__1_n_0                                                                                                                       |                                                                                                                                         |                1 |              8 |
|  axi1_clk                                               | i_scope/i_wr1/fill_lvl[8]_i_1__0_n_0                                                                                                         | i_scope/i_wr1/clear                                                                                                                     |                3 |              9 |
|  axi1_clk                                               | ps/axi_master[0]/axi_wstrb_o[7]_i_1__0_n_0                                                                                                   | ps/axi_master[0]/axi_wdata_o[63]_i_1__0_n_0                                                                                             |                2 |              9 |
|  axi1_clk                                               | ps/axi_master[1]/axi_wstrb_o[7]_i_1_n_0                                                                                                      | ps/axi_master[1]/axi_wdata_o[63]_i_1_n_0                                                                                                |                4 |              9 |
|  axi1_clk                                               | i_hk/sel                                                                                                                                     | i_scope/i_dfilt1_chb/bb_mult_0                                                                                                          |                3 |              9 |
|  axi1_clk                                               | i_scope/i_wr0/fill_lvl[8]_i_1_n_0                                                                                                            | i_scope/i_wr0/clear                                                                                                                     |                2 |              9 |
|  ps/system_i/system_i/processing_system7/inst/FCLK_CLK3 | ps/system_i/system_i/axi_protocol_converter_0/inst/gen_axilite.gen_b2s_conv.axilite_b2s/WR.aw_channel_0/aw_cmd_fsm_0/E[0]                    |                                                                                                                                         |                4 |             12 |
|  ps/system_i/system_i/processing_system7/inst/FCLK_CLK3 | ps/system_i/system_i/axi_protocol_converter_0/inst/gen_axilite.gen_b2s_conv.axilite_b2s/WR.aw_channel_0/aw_cmd_fsm_0/axaddr_incr_reg[11]     |                                                                                                                                         |                3 |             12 |
|  ps/system_i/system_i/processing_system7/inst/FCLK_CLK3 | ps/system_i/system_i/axi_protocol_converter_0/inst/gen_axilite.gen_b2s_conv.axilite_b2s/RD.ar_channel_0/ar_cmd_fsm_0/E[0]                    |                                                                                                                                         |                6 |             12 |
|  ps/system_i/system_i/processing_system7/inst/FCLK_CLK3 | ps/system_i/system_i/axi_protocol_converter_0/inst/gen_axilite.gen_b2s_conv.axilite_b2s/RD.ar_channel_0/ar_cmd_fsm_0/axaddr_incr_reg[11]     |                                                                                                                                         |                3 |             12 |
|  ps/system_i/system_i/processing_system7/inst/FCLK_CLK3 | ps/system_i/system_i/axi_protocol_converter_0/inst/gen_axilite.gen_b2s_conv.axilite_b2s/RD.r_channel_0/r_push_r                              |                                                                                                                                         |                4 |             13 |
|  axi1_clk                                               |                                                                                                                                              | i_pid/i_pid11/int_reg[30]_i_1_n_0                                                                                                       |                4 |             13 |
|  axi1_clk                                               |                                                                                                                                              | i_pid/i_pid11/pid_out[12]_i_1_n_0                                                                                                       |                4 |             13 |
|  axi1_clk                                               |                                                                                                                                              | i_pid/i_pid12/int_reg[30]_i_1__1_n_0                                                                                                    |                3 |             13 |
|  axi1_clk                                               |                                                                                                                                              | i_pid/i_pid12/pid_out[12]_i_1__1_n_0                                                                                                    |                3 |             13 |
|  axi1_clk                                               |                                                                                                                                              | i_pid/i_pid21/int_reg[30]_i_1__0_n_0                                                                                                    |                3 |             13 |
|  axi1_clk                                               |                                                                                                                                              | i_pid/i_pid22/int_reg[30]_i_1__2_n_0                                                                                                    |                3 |             13 |
|  axi1_clk                                               |                                                                                                                                              | i_pid/i_pid22/pid_out[12]_i_1__2_n_0                                                                                                    |                2 |             13 |
|  axi1_clk                                               |                                                                                                                                              | i_pid/out_1_sat[12]_i_1_n_0                                                                                                             |                5 |             13 |
|  axi1_clk                                               |                                                                                                                                              | i_pid/out_2_sat[12]_i_1_n_0                                                                                                             |                5 |             13 |
|  axi1_clk                                               |                                                                                                                                              | i_pid/i_pid21/pid_out[12]_i_1__0_n_0                                                                                                    |                3 |             13 |
|  ps/system_i/system_i/processing_system7/inst/FCLK_CLK3 | ps/system_i/system_i/axi_protocol_converter_0/inst/gen_axilite.gen_b2s_conv.axilite_b2s/SI_REG/b_pipe/p_1_in                                 |                                                                                                                                         |                5 |             14 |
|  ps/system_i/system_i/processing_system7/inst/FCLK_CLK3 | ps/system_i/system_i/axi_protocol_converter_0/inst/gen_axilite.gen_b2s_conv.axilite_b2s/SI_REG/b_pipe/skid_buffer_reg[0]_0                   |                                                                                                                                         |                2 |             14 |
|  axi1_clk                                               | ps/axi_slave_gp0/kp_mult_1                                                                                                                   | i_scope/i_dfilt1_chb/bb_mult_0                                                                                                          |                6 |             14 |
|  axi1_clk                                               | ps/axi_slave_gp0/kp_mult_2                                                                                                                   | i_scope/i_dfilt1_chb/bb_mult_0                                                                                                          |                5 |             14 |
|  axi1_clk                                               | ps/axi_slave_gp0/kp_mult_4                                                                                                                   | i_scope/i_dfilt1_chb/bb_mult_0                                                                                                          |                3 |             14 |
|  axi1_clk                                               | ps/axi_slave_gp0/int_sum[0]                                                                                                                  | i_scope/i_dfilt1_chb/bb_mult_0                                                                                                          |                5 |             14 |
|  axi1_clk                                               | ps/axi_slave_gp0/int_sum_0[0]                                                                                                                | i_scope/i_dfilt1_chb/bb_mult_0                                                                                                          |               10 |             14 |
|  axi1_clk                                               | ps/axi_slave_gp0/int_sum_1[0]                                                                                                                | i_scope/i_dfilt1_chb/bb_mult_0                                                                                                          |                6 |             14 |
|  axi1_clk                                               | ps/axi_slave_gp0/int_sum_2[0]                                                                                                                | i_scope/i_dfilt1_chb/bb_mult_0                                                                                                          |                6 |             14 |
|  axi1_clk                                               | ps/axi_slave_gp0/kd_mult[0]                                                                                                                  | i_scope/i_dfilt1_chb/bb_mult_0                                                                                                          |                7 |             14 |
|  axi1_clk                                               | ps/axi_slave_gp0/kd_mult_0[0]                                                                                                                | i_scope/i_dfilt1_chb/bb_mult_0                                                                                                          |                6 |             14 |
|  axi1_clk                                               | ps/axi_slave_gp0/kd_mult_1[0]                                                                                                                | i_scope/i_dfilt1_chb/bb_mult_0                                                                                                          |                3 |             14 |
|  axi1_clk                                               | ps/axi_slave_gp0/kd_mult_2[0]                                                                                                                | i_scope/i_dfilt1_chb/bb_mult_0                                                                                                          |                5 |             14 |
|  axi1_clk                                               | ps/axi_slave_gp0/kp_mult_0[0]                                                                                                                | i_scope/i_dfilt1_chb/bb_mult_0                                                                                                          |                6 |             14 |
|  axi1_clk                                               | ps/axi_slave_gp0/kp_mult_3[0]                                                                                                                | i_scope/i_dfilt1_chb/bb_mult_0                                                                                                          |                3 |             14 |
|  axi1_clk                                               | ps/axi_slave_gp0/kp_mult_5[0]                                                                                                                | i_scope/i_dfilt1_chb/bb_mult_0                                                                                                          |                7 |             14 |
|  axi1_clk                                               | ps/axi_slave_gp0/kp_mult_6[0]                                                                                                                | i_scope/i_dfilt1_chb/bb_mult_0                                                                                                          |                7 |             14 |
|  axi1_clk                                               | i_scope/axi_a_dat[15]_i_1_n_0                                                                                                                |                                                                                                                                         |                3 |             14 |
|  axi1_clk                                               | ps/axi_slave_gp0/set_a_hyst_reg[13][0]                                                                                                       | i_scope/i_dfilt1_chb/bb_mult_0                                                                                                          |                6 |             14 |
|  axi1_clk                                               | ps/axi_slave_gp0/set_a_tresh_reg[13][0]                                                                                                      | i_scope/i_dfilt1_chb/bb_mult_0                                                                                                          |                4 |             14 |
|  axi1_clk                                               | ps/axi_slave_gp0/set_b_hyst_reg[13][0]                                                                                                       | i_scope/i_dfilt1_chb/bb_mult_0                                                                                                          |                6 |             14 |
|  axi1_clk                                               | ps/axi_slave_gp0/set_b_tresh_reg[13][0]                                                                                                      | i_scope/i_dfilt1_chb/bb_mult_0                                                                                                          |                4 |             14 |
|  axi1_clk                                               | i_scope/adc_wp_trig0                                                                                                                         | i_scope/axi_b_dat_sel                                                                                                                   |               10 |             14 |
|  axi1_clk                                               | i_scope/axi_a_dat[31]_i_1_n_0                                                                                                                |                                                                                                                                         |                2 |             14 |
|  axi1_clk                                               | i_scope/axi_a_dat[47]_i_1_n_0                                                                                                                |                                                                                                                                         |                2 |             14 |
|  axi1_clk                                               | i_scope/axi_a_dat_dv0                                                                                                                        |                                                                                                                                         |                3 |             14 |
|  axi1_clk                                               | i_scope/axi_b_dat[15]_i_1_n_0                                                                                                                |                                                                                                                                         |                3 |             14 |
|  axi1_clk                                               | i_scope/axi_b_dat[31]_i_1_n_0                                                                                                                |                                                                                                                                         |                4 |             14 |
|  axi1_clk                                               | i_scope/axi_b_dat[47]_i_1_n_0                                                                                                                |                                                                                                                                         |                3 |             14 |
|  axi1_clk                                               | i_scope/axi_b_dat_dv0                                                                                                                        |                                                                                                                                         |                4 |             14 |
|  axi1_clk                                               | axi1_rstn                                                                                                                                    | ps/axi_slave_gp0/sys_rdata_reg[0]_1                                                                                                     |               10 |             14 |
|  axi1_clk                                               | ps/axi_slave_gp0/set_11_sp_reg[13][0]                                                                                                        | i_scope/i_dfilt1_chb/bb_mult_0                                                                                                          |                3 |             14 |
|  axi1_clk                                               |                                                                                                                                              | i_scope/adc_dec_cnt[16]                                                                                                                 |                4 |             16 |
|  ps/system_i/system_i/processing_system7/inst/FCLK_CLK3 |                                                                                                                                              | ps/system_i/system_i/xadc/inst/SOFT_RESET_I/SR[0]                                                                                       |                5 |             16 |
|  pwm_clk                                                | pwm[3]/b                                                                                                                                     |                                                                                                                                         |                5 |             16 |
|  pwm_clk                                                | pwm[2]/b                                                                                                                                     |                                                                                                                                         |                6 |             16 |
|  pwm_clk                                                | pwm[1]/b                                                                                                                                     |                                                                                                                                         |                5 |             16 |
|  pwm_clk                                                | pwm[0]/b                                                                                                                                     |                                                                                                                                         |                4 |             16 |
|  axi1_clk                                               | ps/axi_slave_gp0/set_dec_reg[16][0]                                                                                                          | i_scope/i_dfilt1_chb/bb_mult_0                                                                                                          |                6 |             17 |
|  ps/system_i/system_i/processing_system7/inst/FCLK_CLK3 | ps/system_i/system_i/xadc/inst/AXI_LITE_IPIF_I/I_SLAVE_ATTACHMENT/I_DECODER/E[0]                                                             | ps/system_i/system_i/xadc/inst/SOFT_RESET_I/reset2ip_reset                                                                              |                5 |             17 |
|  axi1_clk                                               | ps/axi_slave_gp0/set_a_filt_aa_reg[17][0]                                                                                                    | i_scope/i_dfilt1_chb/bb_mult_0                                                                                                          |                4 |             18 |
|  axi1_clk                                               | ps/axi_slave_gp0/set_b_filt_aa_reg[17][0]                                                                                                    | i_scope/i_dfilt1_chb/bb_mult_0                                                                                                          |               10 |             18 |
|  axi1_clk                                               | ps/axi_slave_gp0/set_deb_len_reg[19][0]                                                                                                      | i_scope/i_dfilt1_chb/bb_mult_0                                                                                                          |                9 |             20 |
|  ps/system_i/system_i/processing_system7/inst/FCLK_CLK3 | ps/system_i/system_i/xadc/inst/AXI_LITE_IPIF_I/I_SLAVE_ATTACHMENT/s_axi_rdata_i                                                              | ps/system_i/system_i/xadc/inst/AXI_LITE_IPIF_I/I_SLAVE_ATTACHMENT/SR[0]                                                                 |                7 |             20 |
|  ps/system_i/system_i/processing_system7/inst/FCLK_CLK3 | ps/system_i/system_i/axi_protocol_converter_0/inst/gen_axilite.gen_b2s_conv.axilite_b2s/WR.aw_channel_0/aw_cmd_fsm_0/axlen_cnt_reg[7]_2      |                                                                                                                                         |                5 |             20 |
|  ps/system_i/system_i/processing_system7/inst/FCLK_CLK3 | ps/system_i/system_i/axi_protocol_converter_0/inst/gen_axilite.gen_b2s_conv.axilite_b2s/WR.aw_channel_0/aw_cmd_fsm_0/axlen_cnt_reg[3][0]     |                                                                                                                                         |                8 |             20 |
|  axi1_clk                                               | i_scope/ext_trig_debp[0]_i_1_n_0                                                                                                             | i_scope/i_dfilt1_chb/bb_mult_0                                                                                                          |                5 |             20 |
|  axi1_clk                                               | i_scope/ext_trig_debn[0]_i_1_n_0                                                                                                             | i_scope/i_dfilt1_chb/bb_mult_0                                                                                                          |                5 |             20 |
|  ps/system_i/system_i/processing_system7/inst/FCLK_CLK3 | ps/system_i/system_i/axi_protocol_converter_0/inst/gen_axilite.gen_b2s_conv.axilite_b2s/RD.ar_channel_0/ar_cmd_fsm_0/axlen_cnt_reg[3][0]     |                                                                                                                                         |                8 |             20 |
|  axi1_clk                                               | ps/axi_slave_gp0/dac_d_o_reg[23][0]                                                                                                          | i_scope/i_dfilt1_chb/bb_mult_0                                                                                                          |                8 |             24 |
|  axi1_clk                                               | ps/axi_slave_gp0/dac_c_o_reg[23][0]                                                                                                          | i_scope/i_dfilt1_chb/bb_mult_0                                                                                                          |                6 |             24 |
|  axi1_clk                                               | ps/axi_slave_gp0/dac_b_o_reg[23][0]                                                                                                          | i_scope/i_dfilt1_chb/bb_mult_0                                                                                                          |                6 |             24 |
|  axi1_clk                                               | ps/axi_slave_gp0/E[0]                                                                                                                        | i_scope/i_dfilt1_chb/bb_mult_0                                                                                                          |                8 |             24 |
|  ps/system_i/system_i/processing_system7/inst/FCLK_CLK3 |                                                                                                                                              | ps/system_i/system_i/xadc/inst/AXI_LITE_IPIF_I/I_SLAVE_ATTACHMENT/SR[0]                                                                 |                7 |             24 |
|  axi1_clk                                               | axi1_rstn                                                                                                                                    | ps/axi_slave_gp0/sys_rdata_reg[0]_2                                                                                                     |                9 |             24 |
|  axi1_clk                                               | ps/axi_slave_gp0/set_b_filt_pp_reg[24][0]                                                                                                    | i_scope/i_dfilt1_chb/bb_mult_0                                                                                                          |                9 |             25 |
|  axi1_clk                                               | ps/axi_slave_gp0/set_a_filt_kk_reg[24][0]                                                                                                    | i_scope/i_dfilt1_chb/bb_mult_0                                                                                                          |               12 |             25 |
|  axi1_clk                                               | ps/axi_slave_gp0/set_a_filt_bb_reg[24][0]                                                                                                    | i_scope/i_dfilt1_chb/bb_mult_0                                                                                                          |                4 |             25 |
|  ps/system_i/system_i/processing_system7/inst/FCLK_CLK3 | ps/system_i/system_i/xadc/inst/AXI_LITE_IPIF_I/I_SLAVE_ATTACHMENT/I_DECODER/start                                                            | ps/system_i/system_i/xadc/inst/AXI_LITE_IPIF_I/I_SLAVE_ATTACHMENT/I_DECODER/cs_ce_clr                                                   |                9 |             25 |
|  axi1_clk                                               | ps/axi_slave_gp0/set_b_filt_bb_reg[24][0]                                                                                                    | i_scope/i_dfilt1_chb/bb_mult_0                                                                                                          |                9 |             25 |
|  axi1_clk                                               | ps/axi_slave_gp0/set_b_filt_kk_reg[24][0]                                                                                                    | i_scope/i_dfilt1_chb/bb_mult_0                                                                                                          |               13 |             25 |
|  axi1_clk                                               | ps/axi_slave_gp0/set_a_filt_pp_reg[24][0]                                                                                                    | i_scope/i_dfilt1_chb/bb_mult_0                                                                                                          |                9 |             25 |
|  axi1_clk                                               | i_scope/p_0_in28_out                                                                                                                         | i_scope/axi_b_dat_sel                                                                                                                   |                6 |             28 |
|  dac_clk_1x                                             |                                                                                                                                              |                                                                                                                                         |               12 |             29 |
|  axi1_clk                                               | i_scope/set_a_axi_trig0                                                                                                                      | i_scope/adc_rst_do                                                                                                                      |               13 |             31 |
|  axi1_clk                                               | i_scope/set_b_axi_trig0                                                                                                                      | i_scope/adc_rst_do                                                                                                                      |               16 |             31 |
|  axi1_clk                                               | ps/axi_slave_gp0/set_a_axi_stop_reg[31][0]                                                                                                   |                                                                                                                                         |               13 |             32 |
|  axi1_clk                                               | ps/axi_slave_gp0/set_dly_reg[31][0]                                                                                                          | i_scope/i_dfilt1_chb/bb_mult_0                                                                                                          |               11 |             32 |
|  axi1_clk                                               | ps/axi_master[0]/axi_awaddr_o0_in                                                                                                            | ps/axi_master[0]/axi_awaddr_o[31]_i_1__0_n_0                                                                                            |                7 |             32 |
|  axi1_clk                                               | ps/axi_master[1]/axi_awaddr_o0_in                                                                                                            | ps/axi_master[1]/axi_awaddr_o[31]_i_1_n_0                                                                                               |                6 |             32 |
|  axi1_clk                                               | i_scope/i_wr0/E[0]                                                                                                                           |                                                                                                                                         |               10 |             32 |
|  pwm_clk                                                |                                                                                                                                              | pwm[1]/SR[0]                                                                                                                            |               14 |             32 |
|  axi1_clk                                               | ps/axi_slave_gp0/set_a_axi_start_reg[31][0]                                                                                                  |                                                                                                                                         |               10 |             32 |
|  ps/system_i/system_i/processing_system7/inst/FCLK_CLK3 | ps/system_i/system_i/axi_protocol_converter_0/inst/gen_axilite.gen_b2s_conv.axilite_b2s/SI_REG/aw_pipe/skid_buffer_reg[0]_0                  |                                                                                                                                         |               13 |             32 |
|  axi1_clk                                               | ps/axi_slave_gp0/set_a_axi_dly_reg[31][0]                                                                                                    |                                                                                                                                         |                9 |             32 |
|  ps/system_i/system_i/processing_system7/inst/FCLK_CLK3 | ps/system_i/system_i/axi_protocol_converter_0/inst/gen_axilite.gen_b2s_conv.axilite_b2s/WR.aw_channel_0/aw_cmd_fsm_0/m_payload_i_reg[0][0]   |                                                                                                                                         |               14 |             32 |
|  axi1_clk                                               | i_scope/axi_a_dly_cnt[0]_i_1_n_0                                                                                                             | i_scope/i_dfilt1_chb/bb_mult_0                                                                                                          |                8 |             32 |
|  axi1_clk                                               | ps/axi_slave_gp0/set_b_axi_dly_reg[31]_0[0]                                                                                                  |                                                                                                                                         |               11 |             32 |
|  axi1_clk                                               | ps/axi_slave_gp0/set_b_axi_start_reg[31]_0[0]                                                                                                |                                                                                                                                         |               13 |             32 |
|  ps/system_i/system_i/processing_system7/inst/FCLK_CLK3 | ps/system_i/system_i/axi_protocol_converter_0/inst/gen_axilite.gen_b2s_conv.axilite_b2s/RD.ar_channel_0/ar_cmd_fsm_0/m_payload_i_reg[0]_1[0] |                                                                                                                                         |               12 |             32 |
|  axi1_clk                                               | ps/axi_slave_gp0/set_b_axi_stop_reg[31]_0[0]                                                                                                 |                                                                                                                                         |                8 |             32 |
|  axi1_clk                                               | i_scope/i_wr1/set_b_axi_cur_reg[0]_0[0]                                                                                                      |                                                                                                                                         |                9 |             32 |
|  ps/system_i/system_i/processing_system7/inst/FCLK_CLK3 | ps/system_i/system_i/axi_protocol_converter_0/inst/gen_axilite.gen_b2s_conv.axilite_b2s/SI_REG/ar_pipe/skid_buffer_reg[0]_0                  |                                                                                                                                         |                9 |             32 |
|  axi1_clk                                               | i_scope/adc_dly_cnt[0]_i_1_n_0                                                                                                               | i_scope/i_dfilt1_chb/bb_mult_0                                                                                                          |                8 |             32 |
|  axi1_clk                                               | i_scope/adc_we_cnt[0]_i_2_n_0                                                                                                                | i_scope/adc_we_cnt[0]_i_1_n_0                                                                                                           |                8 |             32 |
|  axi1_clk                                               | i_scope/axi_b_dly_cnt[0]_i_1_n_0                                                                                                             | i_scope/i_dfilt1_chb/bb_mult_0                                                                                                          |                8 |             32 |
|  axi1_clk                                               | ps/axi_slave_gp0/wr_wdata                                                                                                                    |                                                                                                                                         |               11 |             33 |
|  ps/system_i/system_i/processing_system7/inst/FCLK_CLK3 | ps/system_i/system_i/axi_protocol_converter_0/inst/gen_axilite.gen_b2s_conv.axilite_b2s/RD.r_channel_0/rd_data_fifo_0/wr_en0                 |                                                                                                                                         |               12 |             34 |
|  axi1_clk                                               | ps/system_i/rd_arid_reg[11][0]                                                                                                               |                                                                                                                                         |               12 |             35 |
|  axi1_clk                                               | ps/axi_slave_gp0/wr_awid                                                                                                                     |                                                                                                                                         |               11 |             35 |
|  ps/system_i/system_i/processing_system7/inst/FCLK_CLK3 | ps/system_i/system_i/axi_protocol_converter_0/inst/gen_axilite.gen_b2s_conv.axilite_b2s/SI_REG/r_pipe/skid_buffer_reg[0]_0                   |                                                                                                                                         |               11 |             47 |
|  ps/system_i/system_i/processing_system7/inst/FCLK_CLK3 | ps/system_i/system_i/axi_protocol_converter_0/inst/gen_axilite.gen_b2s_conv.axilite_b2s/SI_REG/r_pipe/p_1_in                                 |                                                                                                                                         |               15 |             47 |
|  axi1_clk                                               |                                                                                                                                              |                                                                                                                                         |               27 |             49 |
|  axi1_clk                                               | ps/axi_master[0]/axi_awfifo_reg_0_15_0_5_i_1__0_n_0                                                                                          |                                                                                                                                         |                7 |             56 |
|  axi1_clk                                               | ps/axi_master[1]/axi_awfifo_reg_0_15_0_5_i_1_n_0                                                                                             |                                                                                                                                         |                7 |             56 |
|  axi1_clk                                               | i_hk/dna_value0                                                                                                                              | i_scope/i_dfilt1_chb/bb_mult_0                                                                                                          |               11 |             57 |
|  ps/system_i/system_i/processing_system7/inst/FCLK_CLK3 |                                                                                                                                              | ps/system_i/system_i/axi_protocol_converter_0/inst/gen_axilite.gen_b2s_conv.axilite_b2s/areset_d1                                       |               19 |             59 |
|  axi1_clk                                               | i_scope/i_wr1/next_address                                                                                                                   |                                                                                                                                         |               22 |             62 |
|  axi1_clk                                               | i_scope/i_wr0/next_address                                                                                                                   |                                                                                                                                         |               21 |             62 |
|  axi1_clk                                               | ps/axi_master[0]/axi_wdata_o0_in                                                                                                             | ps/axi_master[0]/axi_wdata_o[63]_i_1__0_n_0                                                                                             |               21 |             64 |
|  axi1_clk                                               | i_scope/i_wr1/clear                                                                                                                          |                                                                                                                                         |               27 |             64 |
|  pwm_clk                                                | pwm_rstn                                                                                                                                     |                                                                                                                                         |               17 |             64 |
|  axi1_clk                                               | i_scope/i_wr0/clear                                                                                                                          |                                                                                                                                         |               27 |             64 |
|  axi1_clk                                               | ps/axi_master[1]/axi_wdata_o0_in                                                                                                             | ps/axi_master[1]/axi_wdata_o[63]_i_1_n_0                                                                                                |               14 |             64 |
|  axi1_clk                                               | ps/axi_master[1]/axi_wfifo_reg_0_15_0_5_i_1_n_0                                                                                              |                                                                                                                                         |               13 |            104 |
|  axi1_clk                                               | ps/axi_master[0]/axi_wfifo_reg_0_15_0_5_i_1__0_n_0                                                                                           |                                                                                                                                         |               13 |            104 |
|  ps/system_i/system_i/processing_system7/inst/FCLK_CLK3 |                                                                                                                                              |                                                                                                                                         |               47 |            111 |
|  ps/system_i/system_i/processing_system7/inst/FCLK_CLK3 |                                                                                                                                              | ps/system_i/system_i/xadc/inst/SOFT_RESET_I/reset2ip_reset                                                                              |               38 |            115 |
|  axi1_clk                                               | axi1_rstn                                                                                                                                    |                                                                                                                                         |               66 |            151 |
|  axi1_clk                                               |                                                                                                                                              | i_scope/i_dfilt1_chb/bb_mult_0                                                                                                          |              142 |            459 |
+---------------------------------------------------------+----------------------------------------------------------------------------------------------------------------------------------------------+-----------------------------------------------------------------------------------------------------------------------------------------+------------------+----------------+


